TAP version 13
# Subtest: registerUser: báo lỗi nếu thiếu trường bắt buộc
ok 1 - registerUser: báo lỗi nếu thiếu trường bắt buộc
  ---
  duration_ms: 3.522825
  type: 'test'
  ...
# Subtest: registerUser: báo lỗi nếu password và confirm_password không khớp
ok 2 - registerUser: báo lỗi nếu password và confirm_password không khớp
  ---
  duration_ms: 2.287548
  type: 'test'
  ...
# Subtest: registerUser: báo lỗi nếu email đã gắn với tài khoản social login
ok 3 - registerUser: báo lỗi nếu email đã gắn với tài khoản social login
  ---
  duration_ms: 1.243792
  type: 'test'
  ...
# Subtest: registerUser: tạo tài khoản thành công và gửi OTP
ok 4 - registerUser: tạo tài khoản thành công và gửi OTP
  ---
  duration_ms: 1.728512
  type: 'test'
  ...
# Subtest: loginUser: báo lỗi nếu thiếu email hoặc password
ok 5 - loginUser: báo lỗi nếu thiếu email hoặc password
  ---
  duration_ms: 1.147661
  type: 'test'
  ...
# Subtest: loginUser: báo lỗi nếu không tìm thấy user
ok 6 - loginUser: báo lỗi nếu không tìm thấy user
  ---
  duration_ms: 0.995
  type: 'test'
  ...
# Subtest: loginUser: khóa tài khoản sau 5 lần nhập sai
ok 7 - loginUser: khóa tài khoản sau 5 lần nhập sai
  ---
  duration_ms: 48.667439
  type: 'test'
  ...
# Subtest: loginUser: đăng nhập thành công sẽ reset failed attempts
ok 8 - loginUser: đăng nhập thành công sẽ reset failed attempts
  ---
  duration_ms: 1.072496
  type: 'test'
  ...
# Subtest: createBooking: báo lỗi nếu thiếu outbound_flight_id
ok 9 - createBooking: báo lỗi nếu thiếu outbound_flight_id
  ---
  duration_ms: 4.09716
  type: 'test'
  ...
# Subtest: createBooking: báo lỗi nếu round_trip mà thiếu return_flight_id
ok 10 - createBooking: báo lỗi nếu round_trip mà thiếu return_flight_id
  ---
  duration_ms: 50.674737
  type: 'test'
  ...
# Subtest: createBooking: báo lỗi nếu số em bé nhiều hơn số người lớn
ok 11 - createBooking: báo lỗi nếu số em bé nhiều hơn số người lớn
  ---
  duration_ms: 1.485218
  type: 'test'
  ...
# Subtest: createBooking: báo lỗi nếu số lượng hành khách không khớp
ok 12 - createBooking: báo lỗi nếu số lượng hành khách không khớp
  ---
  duration_ms: 0.900043
  type: 'test'
  ...
# Subtest: searchFlights: báo lỗi nếu điểm đi và điểm đến trùng nhau
ok 13 - searchFlights: báo lỗi nếu điểm đi và điểm đến trùng nhau
  ---
  duration_ms: 2.585554
  type: 'test'
  ...
# Subtest: searchFlights: báo lỗi nếu seat_class không hợp lệ
ok 14 - searchFlights: báo lỗi nếu seat_class không hợp lệ
  ---
  duration_ms: 1.327543
  type: 'test'
  ...
# Subtest: searchFlights: trả danh sách chuyến bay đã format đúng
ok 15 - searchFlights: trả danh sách chuyến bay đã format đúng
  ---
  duration_ms: 3.070089
  type: 'test'
  ...
1..15
# tests 15
# suites 0
# pass 15
# fail 0
# cancelled 0
# skipped 0
# todo 0
# duration_ms 153.700813
